[macmasterimaritime.com/index.html]
[backblue.gif]
[fade.gif]
[index.html]
[macmasterimaritime.com/wp-content/plugins/all-in-one-seo-pack-pro/dist/Pro/assets/css/table-of-contents/global.e90f6d47d227.css]
[macmasterimaritime.com/wp-content/plugins/all-in-one-seo-pack-pro/dist/Pro/assets/css/recipe/global.67a3275fd227.css]
[macmasterimaritime.com/feed/index.html]
[macmasterimaritime.com/wp-content/plugins/all-in-one-seo-pack-pro/dist/Pro/assets/css/product/global.61066cfbd227.css]
[macmasterimaritime.com/wp-content/plugins/contact-form-7/includes/css/styles6fb3.css]
[macmasterimaritime.com/comments/feed/index.html]
[macmasterimaritime.com/wp-content/plugins/metform/public/assets/lib/cute-alert/style8603.css]
[macmasterimaritime.com/wp-content/plugins/metform/public/assets/css/text-editor8603.css]
[macmasterimaritime.com/wp-content/themes/hello-elementor/assets/css/reset4c8b.css]
[macmasterimaritime.com/wp-content/themes/hello-elementor/assets/css/theme4c8b.css]
[macmasterimaritime.com/wp-content/themes/hello-elementor/assets/css/header-footer4c8b.css]
[macmasterimaritime.com/wp-content/plugins/elementor/assets/css/frontend.min7ddb.css]
[macmasterimaritime.com/wp-content/uploads/elementor/css/post-869fa.css]
[macmasterimaritime.com/wp-content/plugins/elementor/assets/css/widget-image.min7ddb.css]
[macmasterimaritime.com/wp-content/plugins/elementor-pro/assets/css/widget-nav-menu.min7ddb.css]
[macmasterimaritime.com/wp-content/plugins/elementor/assets/lib/animations/styles/fadeInLeft.min7ddb.css]
[macmasterimaritime.com/wp-content/plugins/elementor/assets/css/widget-image-box.min7ddb.css]
[macmasterimaritime.com/wp-content/plugins/elementor/assets/css/widget-social-icons.min7ddb.css]
[macmasterimaritime.com/wp-content/plugins/elementor/assets/css/conditionals/apple-webkit.min7ddb.css]
[macmasterimaritime.com/wp-content/plugins/elementor/assets/lib/animations/styles/zoomIn.min7ddb.css]
[macmasterimaritime.com/wp-content/plugins/elementor/assets/css/widget-heading.min7ddb.css]
[macmasterimaritime.com/wp-content/plugins/elementor/assets/lib/animations/styles/fadeInUp.min7ddb.css]
[macmasterimaritime.com/wp-content/plugins/elementor/assets/css/widget-icon-list.min7ddb.css]
[macmasterimaritime.com/wp-content/plugins/elementor/assets/lib/animations/styles/fadeIn.min7ddb.css]
[macmasterimaritime.com/wp-content/plugins/elementor/assets/lib/animations/styles/slideInDown.min7ddb.css]
[macmasterimaritime.com/wp-content/plugins/elementor/assets/lib/swiper/v8/css/swiper.min94a4.css]
[macmasterimaritime.com/wp-content/plugins/elementor/assets/css/conditionals/e-swiper.min7ddb.css]
[macmasterimaritime.com/wp-content/plugins/elementor-pro/assets/css/widget-testimonial-carousel.min7ddb.css]
[macmasterimaritime.com/wp-content/plugins/elementor-pro/assets/css/widget-carousel-module-base.min7ddb.css]
[macmasterimaritime.com/wp-content/plugins/elementor/assets/lib/animations/styles/e-animation-grow.min7ddb.css]
[macmasterimaritime.com/wp-content/plugins/elementor/assets/lib/animations/styles/fadeInDown.min7ddb.css]
[macmasterimaritime.com/wp-content/plugins/elementor-pro/assets/css/widget-form.min7ddb.css]
[macmasterimaritime.com/wp-content/plugins/elementor/assets/css/widget-spacer.min7ddb.css]
[macmasterimaritime.com/wp-content/uploads/elementor/css/post-3840b03e.css]
[macmasterimaritime.com/wp-content/plugins/elementor/assets/lib/font-awesome/css/all.min7ddb.css]
[macmasterimaritime.com/wp-content/plugins/elementor/assets/lib/font-awesome/css/v4-shims.min7ddb.css]
[macmasterimaritime.com/wp-content/uploads/elementor/css/post-12696b03e.css]
[macmasterimaritime.com/wp-content/uploads/elementor/css/post-11533b03e.css]
[macmasterimaritime.com/wp-includes/css/dashicons.min32d4.css]
[macmasterimaritime.com/wp-content/themes/hello-theme-child-master/style001e.css]
[macmasterimaritime.com/wp-content/plugins/essential-addons-for-elementor-lite/assets/front-end/css/view/general.min91f3.css]
[macmasterimaritime.com/wp-content/uploads/elementor/google-fonts/css/roboto7d33.css]
[macmasterimaritime.com/wp-content/uploads/elementor/google-fonts/css/robotoslab360b.css]
[macmasterimaritime.com/wp-content/uploads/elementor/google-fonts/css/poppinseba0.css]
[macmasterimaritime.com/wp-includes/js/jquery/jquery.minf43b.js]
[macmasterimaritime.com/wp-includes/js/jquery/jquery-migrate.min5589.js]
[macmasterimaritime.com/wp-content/plugins/elementor/assets/lib/font-awesome/js/v4-shims.min7ddb.js]
[macmasterimaritime.com/wp-json/wp/v2/pages/3840.json]
[macmasterimaritime.com/wp-json/index.html]
[macmasterimaritime.com/xmlrpc0db0.php]
[macmasterimaritime.com/wp-json/oembed/1.0/embed7004.json]
[macmasterimaritime.com/wp-json/oembed/1.0/embed96a0]
[macmasterimaritime.com/wp-content/uploads/2025/07/FullColor_1280x1024_300dpi-1-150x150.webp]
[macmasterimaritime.com/wp-content/uploads/2025/07/FullColor_1280x1024_300dpi-1-scaled.webp]
[macmasterimaritime.com/wp-content/uploads/2025/07/FullColor_1280x1024_300dpi-1-300x240-removebg-preview.webp]
[macmasterimaritime.com/wp-content/uploads/2025/07/ship-registr.jpeg]
[macmasterimaritime.com/wp-content/uploads/2025/07/class-and-stat-.png]
[macmasterimaritime.com/services/index.html]
[macmasterimaritime.com/services/ships-registration/index.html]
[macmasterimaritime.com/services/seafarers-certifications/index.html]
[macmasterimaritime.com/wp-content/uploads/2025/07/ship-surveyor.jpg]
[macmasterimaritime.com/services/class-and-statutory/index.html]
[macmasterimaritime.com/services/flag-state-inspections/index.html]
[macmasterimaritime.com/wp-content/uploads/2025/07/818405080bb7ba68876b3c498ba20170.jpg]
[macmasterimaritime.com/services/marine-surveys/index.html]
[macmasterimaritime.com/services/consultancy/index.html]
[macmasterimaritime.com/cdn-cgi/challenge-platform/h/b/scripts/jsd/93954b626b88/maind41d.js]
[macmasterimaritime.com/about-us/index.html]
[macmasterimaritime.com/cdn-cgi/l/email-protection.html]
[macmasterimaritime.com/cdn-cgi/scripts/5c5dd728/cloudflare-static/email-decode.min.js]
[macmasterimaritime.com/contact-2/index.html]
[macmasterimaritime.com/wp-content/plugins/all-in-one-seo-pack-pro/dist/Pro/assets/table-of-contents.95d0dfced227.js]
[macmasterimaritime.com/wp-includes/js/dist/hooks.min4fdd.js]
[macmasterimaritime.com/wp-includes/js/dist/i18n.minc33c.js]
[macmasterimaritime.com/wp-content/plugins/contact-form-7/includes/swv/js/index6fb3.js]
[macmasterimaritime.com/wp-content/plugins/contact-form-7/includes/js/index6fb3.js]
[macmasterimaritime.com/wp-content/plugins/wp-plugin-hostgator/vendor/newfold-labs/wp-module-performance/build/assets/image-lazy-loader.mineed6.js]
[macmasterimaritime.com/wp-content/plugins/metform/public/assets/lib/cute-alert/cute-alert8603.js]
[macmasterimaritime.com/wp-content/themes/hello-elementor/assets/js/hello-frontend4c8b.js]
[macmasterimaritime.com/wp-content/plugins/elementor/assets/js/webpack.runtime.min7ddb.js]
[macmasterimaritime.com/wp-content/plugins/elementor/assets/js/frontend-modules.min7ddb.js]
[macmasterimaritime.com/wp-includes/js/jquery/ui/core.minb37e.js]
[macmasterimaritime.com/wp-content/plugins/elementor/assets/js/frontend.min7ddb.js]
[macmasterimaritime.com/wp-content/plugins/elementor-pro/assets/lib/smartmenus/jquery.smartmenus.min1576.js]
[macmasterimaritime.com/wp-content/plugins/elementor/assets/lib/swiper/v8/swiper.min94a4.js]
[macmasterimaritime.com/wp-content/plugins/send-app/assets/js/send-app-cf7-form-tracker1f22.js]
[macmasterimaritime.com/wp-content/plugins/send-app/assets/js/send-app-elementor-form-tracker1f22.js]
[macmasterimaritime.com/wp-includes/js/dist/vendor/wp-polyfill.min2c7c.js]
[macmasterimaritime.com/wp-content/plugins/contact-form-7/modules/recaptcha/index6fb3.js]
[macmasterimaritime.com/wp-content/plugins/essential-addons-for-elementor-lite/assets/front-end/js/view/general.min91f3.js]
[macmasterimaritime.com/wp-content/plugins/elementor-pro/assets/js/webpack-pro.runtime.min7ddb.js]
[macmasterimaritime.com/wp-content/plugins/elementor-pro/assets/js/frontend.min7ddb.js]
[macmasterimaritime.com/index.html]
[macmasterimaritime.com/wp-content/plugins/all-in-one-seo-pack-pro/dist/Pro/assets/css/table-of-contents/global.e90f6d47d227.css]
[macmasterimaritime.com/wp-content/plugins/all-in-one-seo-pack-pro/dist/Pro/assets/css/recipe/global.67a3275fd227.css]
[macmasterimaritime.com/wp-content/plugins/all-in-one-seo-pack-pro/dist/Pro/assets/css/product/global.61066cfbd227.css]
[macmasterimaritime.com/wp-content/plugins/contact-form-7/includes/css/styles6fb3.css]
[macmasterimaritime.com/wp-content/plugins/metform/public/assets/lib/cute-alert/style8603.css]
[macmasterimaritime.com/wp-content/plugins/metform/public/assets/css/text-editor8603.css]
[macmasterimaritime.com/wp-content/themes/hello-elementor/assets/css/reset4c8b.css]
[macmasterimaritime.com/wp-content/themes/hello-elementor/assets/css/theme4c8b.css]
[macmasterimaritime.com/wp-content/themes/hello-elementor/assets/css/header-footer4c8b.css]
[macmasterimaritime.com/wp-content/plugins/elementor/assets/css/frontend.min7ddb.css]
[macmasterimaritime.com/wp-content/uploads/elementor/css/post-869fa.css]
[macmasterimaritime.com/wp-content/plugins/elementor/assets/css/widget-image.min7ddb.css]
[macmasterimaritime.com/wp-content/plugins/elementor-pro/assets/css/widget-nav-menu.min7ddb.css]
[macmasterimaritime.com/wp-content/plugins/elementor/assets/lib/animations/styles/fadeInLeft.min7ddb.css]
[macmasterimaritime.com/wp-content/plugins/elementor/assets/css/widget-image-box.min7ddb.css]
[macmasterimaritime.com/wp-content/plugins/elementor/assets/css/widget-social-icons.min7ddb.css]
[macmasterimaritime.com/wp-content/plugins/elementor/assets/css/conditionals/apple-webkit.min7ddb.css]
[macmasterimaritime.com/wp-content/plugins/elementor/assets/lib/animations/styles/zoomIn.min7ddb.css]
[macmasterimaritime.com/wp-content/plugins/elementor/assets/css/widget-heading.min7ddb.css]
[macmasterimaritime.com/wp-content/plugins/elementor/assets/lib/animations/styles/fadeInUp.min7ddb.css]
[macmasterimaritime.com/wp-content/plugins/elementor/assets/css/widget-icon-list.min7ddb.css]
[macmasterimaritime.com/wp-content/plugins/elementor/assets/lib/animations/styles/fadeIn.min7ddb.css]
[macmasterimaritime.com/wp-content/plugins/elementor/assets/lib/animations/styles/slideInDown.min7ddb.css]
[macmasterimaritime.com/wp-content/plugins/elementor/assets/lib/swiper/v8/css/swiper.min94a4.css]
[macmasterimaritime.com/wp-content/plugins/elementor/assets/css/conditionals/e-swiper.min7ddb.css]
[macmasterimaritime.com/wp-content/plugins/elementor-pro/assets/css/widget-testimonial-carousel.min7ddb.css]
[macmasterimaritime.com/wp-content/plugins/elementor-pro/assets/css/widget-carousel-module-base.min7ddb.css]
[macmasterimaritime.com/wp-content/plugins/elementor/assets/lib/animations/styles/e-animation-grow.min7ddb.css]
[macmasterimaritime.com/wp-content/plugins/elementor/assets/lib/animations/styles/fadeInDown.min7ddb.css]
[macmasterimaritime.com/wp-content/plugins/elementor-pro/assets/css/widget-form.min7ddb.css]
[macmasterimaritime.com/wp-content/plugins/elementor/assets/css/widget-spacer.min7ddb.css]
[macmasterimaritime.com/wp-content/uploads/elementor/css/post-3840b03e.css]
[macmasterimaritime.com/wp-content/plugins/elementor-pro/assets/js/elements-handlers.min7ddb.js]
[macmasterimaritime.com/wp-content/plugins/elementor/assets/lib/font-awesome/webfonts/fa-brands-400.eot]
[macmasterimaritime.com/wp-content/plugins/elementor/assets/lib/font-awesome/webfonts/fa-brands-400d41d.eot]
[macmasterimaritime.com/wp-content/plugins/elementor/assets/lib/font-awesome/webfonts/fa-brands-400.woff2]
[macmasterimaritime.com/wp-content/plugins/elementor/assets/lib/font-awesome/webfonts/fa-brands-400.woff]
[macmasterimaritime.com/wp-content/plugins/elementor/assets/lib/font-awesome/webfonts/fa-brands-400.ttf]
[macmasterimaritime.com/wp-content/plugins/elementor/assets/lib/font-awesome/webfonts/fa-brands-400.svg]
[macmasterimaritime.com/wp-content/plugins/elementor/assets/lib/font-awesome/webfonts/fa-regular-400.eot]
[macmasterimaritime.com/wp-content/plugins/elementor/assets/lib/font-awesome/webfonts/fa-regular-400d41d.eot]
[macmasterimaritime.com/wp-content/plugins/elementor/assets/lib/font-awesome/webfonts/fa-regular-400.woff2]
[macmasterimaritime.com/wp-content/plugins/elementor/assets/lib/font-awesome/webfonts/fa-regular-400.woff]
[macmasterimaritime.com/wp-content/plugins/elementor/assets/lib/font-awesome/webfonts/fa-regular-400.ttf]
[macmasterimaritime.com/wp-content/plugins/elementor/assets/lib/font-awesome/webfonts/fa-regular-400.svg]
[macmasterimaritime.com/wp-content/plugins/elementor/assets/lib/font-awesome/webfonts/fa-solid-900.eot]
[macmasterimaritime.com/wp-content/plugins/elementor/assets/lib/font-awesome/webfonts/fa-solid-900d41d.eot]
[macmasterimaritime.com/wp-content/plugins/elementor/assets/lib/font-awesome/webfonts/fa-solid-900.woff2]
[macmasterimaritime.com/wp-content/plugins/elementor/assets/lib/font-awesome/webfonts/fa-solid-900.woff]
[macmasterimaritime.com/wp-content/plugins/elementor/assets/lib/font-awesome/webfonts/fa-solid-900.ttf]
[macmasterimaritime.com/wp-content/plugins/elementor/assets/lib/font-awesome/css/all.min7ddb.css]
[macmasterimaritime.com/wp-content/plugins/elementor/assets/lib/font-awesome/css/v4-shims.min7ddb.css]
[macmasterimaritime.com/wp-content/uploads/elementor/css/post-12696b03e.css]
[macmasterimaritime.com/wp-content/uploads/elementor/css/post-11533b03e.css]
[macmasterimaritime.com/wp-content/plugins/elementor/assets/lib/font-awesome/webfonts/fa-solid-900.svg]
[macmasterimaritime.com/wp-includes/fonts/dashicons7d4b.eot]
[macmasterimaritime.com/wp-includes/css/dashicons.min32d4.css]
[macmasterimaritime.com/wp-content/themes/hello-theme-child-master/style001e.css]
[macmasterimaritime.com/wp-content/plugins/essential-addons-for-elementor-lite/assets/front-end/css/view/general.min91f3.css]
[macmasterimaritime.com/wp-includes/fonts/dashicons7d4b.ttf]
[macmasterimaritime.com/wp-content/uploads/elementor/google-fonts/fonts/roboto-kfo5cnqeu92fr1mu53zec9_vu3r1gihoszmkc3kawzu.woff2]
[macmasterimaritime.com/wp-content/uploads/elementor/google-fonts/fonts/roboto-kfo5cnqeu92fr1mu53zec9_vu3r1gihoszmkankawzu.woff2]
[macmasterimaritime.com/wp-content/uploads/elementor/google-fonts/fonts/roboto-kfo5cnqeu92fr1mu53zec9_vu3r1gihoszmkcnkawzu.woff2]
[macmasterimaritime.com/wp-content/uploads/elementor/google-fonts/fonts/roboto-kfo5cnqeu92fr1mu53zec9_vu3r1gihoszmkbxkawzu.woff2]
[macmasterimaritime.com/wp-content/uploads/elementor/google-fonts/fonts/roboto-kfo5cnqeu92fr1mu53zec9_vu3r1gihoszmkenkawzu.woff2]
[macmasterimaritime.com/wp-content/uploads/elementor/google-fonts/fonts/roboto-kfo5cnqeu92fr1mu53zec9_vu3r1gihoszmkahkawzu.woff2]
[macmasterimaritime.com/wp-content/uploads/elementor/google-fonts/fonts/roboto-kfo5cnqeu92fr1mu53zec9_vu3r1gihoszmkcxkawzu.woff2]
[macmasterimaritime.com/wp-content/uploads/elementor/google-fonts/fonts/roboto-kfo5cnqeu92fr1mu53zec9_vu3r1gihoszmkchkawzu.woff2]
[macmasterimaritime.com/wp-content/uploads/elementor/google-fonts/fonts/roboto-kfo5cnqeu92fr1mu53zec9_vu3r1gihoszmkbnka.woff2]
[macmasterimaritime.com/wp-content/uploads/elementor/google-fonts/fonts/roboto-kfo7cnqeu92fr1me7ksn66agldtyluama3gubgee.woff2]
[macmasterimaritime.com/wp-content/uploads/elementor/google-fonts/fonts/roboto-kfo7cnqeu92fr1me7ksn66agldtyluama3iubgee.woff2]
[macmasterimaritime.com/wp-content/uploads/elementor/google-fonts/fonts/roboto-kfo7cnqeu92fr1me7ksn66agldtyluama3cubgee.woff2]
[macmasterimaritime.com/wp-content/uploads/elementor/google-fonts/fonts/roboto-kfo7cnqeu92fr1me7ksn66agldtyluama3-ubgee.woff2]
[macmasterimaritime.com/wp-content/uploads/elementor/google-fonts/fonts/roboto-kfo7cnqeu92fr1me7ksn66agldtyluamawcubgee.woff2]
[macmasterimaritime.com/wp-content/uploads/elementor/google-fonts/fonts/roboto-kfo7cnqeu92fr1me7ksn66agldtyluamaxkubgee.woff2]
[macmasterimaritime.com/wp-content/uploads/elementor/google-fonts/fonts/roboto-kfo7cnqeu92fr1me7ksn66agldtyluama3oubgee.woff2]
[macmasterimaritime.com/wp-content/uploads/elementor/google-fonts/fonts/roboto-kfo7cnqeu92fr1me7ksn66agldtyluama3kubgee.woff2]
[macmasterimaritime.com/wp-content/uploads/elementor/google-fonts/fonts/roboto-kfo7cnqeu92fr1me7ksn66agldtyluama3yuba.woff2]
[macmasterimaritime.com/wp-content/uploads/elementor/google-fonts/css/roboto7d33.css]
[macmasterimaritime.com/wp-content/uploads/elementor/google-fonts/fonts/robotoslab-bngmuxzytxpivibgjjsb6ufa5qw54a.woff2]
[macmasterimaritime.com/wp-content/uploads/elementor/google-fonts/fonts/robotoslab-bngmuxzytxpivibgjjsb6ufj5qw54a.woff2]
[macmasterimaritime.com/wp-content/uploads/elementor/google-fonts/fonts/robotoslab-bngmuxzytxpivibgjjsb6ufb5qw54a.woff2]
[macmasterimaritime.com/wp-content/uploads/elementor/google-fonts/fonts/robotoslab-bngmuxzytxpivibgjjsb6ufo5qw54a.woff2]
[macmasterimaritime.com/wp-content/uploads/elementor/google-fonts/fonts/robotoslab-bngmuxzytxpivibgjjsb6ufc5qw54a.woff2]
[macmasterimaritime.com/wp-content/uploads/elementor/google-fonts/fonts/robotoslab-bngmuxzytxpivibgjjsb6ufd5qw54a.woff2]
[macmasterimaritime.com/wp-content/uploads/elementor/google-fonts/fonts/robotoslab-bngmuxzytxpivibgjjsb6ufn5qu.woff2]
[macmasterimaritime.com/wp-content/uploads/elementor/google-fonts/css/robotoslab360b.css]
[macmasterimaritime.com/wp-content/uploads/elementor/google-fonts/fonts/poppins-pxiayp8kv8jhgfvrjjlme0tdmpkzsq.woff2]
[macmasterimaritime.com/wp-content/uploads/elementor/google-fonts/fonts/poppins-pxiayp8kv8jhgfvrjjlme0tmmpkzsq.woff2]
[macmasterimaritime.com/wp-content/uploads/elementor/google-fonts/fonts/poppins-pxiayp8kv8jhgfvrjjlme0tcmpi.woff2]
[macmasterimaritime.com/wp-content/uploads/elementor/google-fonts/fonts/poppins-pxidyp8kv8jhgfvrjjlmv1pvfteoceg.woff2]
[macmasterimaritime.com/wp-content/uploads/elementor/google-fonts/fonts/poppins-pxidyp8kv8jhgfvrjjlmv1pvgdeoceg.woff2]
[macmasterimaritime.com/wp-content/uploads/elementor/google-fonts/fonts/poppins-pxidyp8kv8jhgfvrjjlmv1pvf9eo.woff2]
[macmasterimaritime.com/wp-content/uploads/elementor/google-fonts/fonts/poppins-pxidyp8kv8jhgfvrjjlm21lvfteoceg.woff2]
[macmasterimaritime.com/wp-content/uploads/elementor/google-fonts/fonts/poppins-pxidyp8kv8jhgfvrjjlm21lvgdeoceg.woff2]
[macmasterimaritime.com/wp-content/uploads/elementor/google-fonts/fonts/poppins-pxidyp8kv8jhgfvrjjlm21lvf9eo.woff2]
[macmasterimaritime.com/wp-content/uploads/elementor/google-fonts/fonts/poppins-pxigyp8kv8jhgfvrjjlucxtakpy.woff2]
[macmasterimaritime.com/wp-content/uploads/elementor/google-fonts/fonts/poppins-pxigyp8kv8jhgfvrjjlufntakpy.woff2]
[macmasterimaritime.com/wp-content/uploads/elementor/google-fonts/fonts/poppins-pxigyp8kv8jhgfvrjjluchta.woff2]
[macmasterimaritime.com/wp-content/uploads/elementor/google-fonts/fonts/poppins-pxidyp8kv8jhgfvrjjlmg1hvfteoceg.woff2]
[macmasterimaritime.com/wp-content/uploads/elementor/google-fonts/fonts/poppins-pxidyp8kv8jhgfvrjjlmg1hvgdeoceg.woff2]
[macmasterimaritime.com/wp-content/uploads/elementor/google-fonts/fonts/poppins-pxidyp8kv8jhgfvrjjlmg1hvf9eo.woff2]
[macmasterimaritime.com/wp-content/uploads/elementor/google-fonts/fonts/poppins-pxidyp8kv8jhgfvrjjlmr19vfteoceg.woff2]
[macmasterimaritime.com/wp-content/uploads/elementor/google-fonts/fonts/poppins-pxidyp8kv8jhgfvrjjlmr19vgdeoceg.woff2]
[macmasterimaritime.com/wp-content/uploads/elementor/google-fonts/fonts/poppins-pxidyp8kv8jhgfvrjjlmr19vf9eo.woff2]
[macmasterimaritime.com/wp-content/uploads/elementor/google-fonts/fonts/poppins-pxidyp8kv8jhgfvrjjlmy15vfteoceg.woff2]
[macmasterimaritime.com/wp-content/uploads/elementor/google-fonts/fonts/poppins-pxidyp8kv8jhgfvrjjlmy15vgdeoceg.woff2]
[macmasterimaritime.com/wp-content/uploads/elementor/google-fonts/fonts/poppins-pxidyp8kv8jhgfvrjjlmy15vf9eo.woff2]
[macmasterimaritime.com/wp-content/uploads/elementor/google-fonts/fonts/poppins-pxidyp8kv8jhgfvrjjlm111vfteoceg.woff2]
[macmasterimaritime.com/wp-content/uploads/elementor/google-fonts/fonts/poppins-pxidyp8kv8jhgfvrjjlm111vgdeoceg.woff2]
[macmasterimaritime.com/wp-content/uploads/elementor/google-fonts/fonts/poppins-pxidyp8kv8jhgfvrjjlm111vf9eo.woff2]
[macmasterimaritime.com/wp-content/uploads/elementor/google-fonts/fonts/poppins-pxidyp8kv8jhgfvrjjlm81xvfteoceg.woff2]
[macmasterimaritime.com/wp-content/uploads/elementor/google-fonts/fonts/poppins-pxidyp8kv8jhgfvrjjlm81xvgdeoceg.woff2]
[macmasterimaritime.com/wp-content/uploads/elementor/google-fonts/fonts/poppins-pxidyp8kv8jhgfvrjjlm81xvf9eo.woff2]
[macmasterimaritime.com/wp-content/uploads/elementor/google-fonts/fonts/poppins-pxigyp8kv8jhgfvrlptucxtakpy.woff2]
[macmasterimaritime.com/wp-content/uploads/elementor/google-fonts/fonts/poppins-pxigyp8kv8jhgfvrlptufntakpy.woff2]
[macmasterimaritime.com/wp-content/uploads/elementor/google-fonts/fonts/poppins-pxigyp8kv8jhgfvrlptuchta.woff2]
[macmasterimaritime.com/wp-content/uploads/elementor/google-fonts/fonts/poppins-pxibyp8kv8jhgfvrlfj_z11lfc-k.woff2]
[macmasterimaritime.com/wp-content/uploads/elementor/google-fonts/fonts/poppins-pxibyp8kv8jhgfvrlfj_z1jlfc-k.woff2]
[macmasterimaritime.com/wp-content/uploads/elementor/google-fonts/fonts/poppins-pxibyp8kv8jhgfvrlfj_z1xlfq.woff2]
[macmasterimaritime.com/wp-content/uploads/elementor/google-fonts/fonts/poppins-pxibyp8kv8jhgfvrldz8z11lfc-k.woff2]
[macmasterimaritime.com/wp-content/uploads/elementor/google-fonts/fonts/poppins-pxibyp8kv8jhgfvrldz8z1jlfc-k.woff2]
[macmasterimaritime.com/wp-content/uploads/elementor/google-fonts/fonts/poppins-pxibyp8kv8jhgfvrldz8z1xlfq.woff2]
[macmasterimaritime.com/wp-content/uploads/elementor/google-fonts/fonts/poppins-pxieyp8kv8jhgfvrjjbecmne.woff2]
[macmasterimaritime.com/wp-content/uploads/elementor/google-fonts/fonts/poppins-pxieyp8kv8jhgfvrjjnecmne.woff2]
[macmasterimaritime.com/wp-content/uploads/elementor/google-fonts/fonts/poppins-pxieyp8kv8jhgfvrjjfecg.woff2]
[macmasterimaritime.com/wp-content/uploads/elementor/google-fonts/fonts/poppins-pxibyp8kv8jhgfvrlgt9z11lfc-k.woff2]
[macmasterimaritime.com/wp-content/uploads/elementor/google-fonts/fonts/poppins-pxibyp8kv8jhgfvrlgt9z1jlfc-k.woff2]
[macmasterimaritime.com/wp-content/uploads/elementor/google-fonts/fonts/poppins-pxibyp8kv8jhgfvrlgt9z1xlfq.woff2]
[macmasterimaritime.com/wp-content/uploads/elementor/google-fonts/fonts/poppins-pxibyp8kv8jhgfvrlej6z11lfc-k.woff2]
[macmasterimaritime.com/wp-content/uploads/elementor/google-fonts/fonts/poppins-pxibyp8kv8jhgfvrlej6z1jlfc-k.woff2]
[macmasterimaritime.com/wp-content/uploads/elementor/google-fonts/fonts/poppins-pxibyp8kv8jhgfvrlej6z1xlfq.woff2]
[macmasterimaritime.com/wp-content/uploads/elementor/google-fonts/fonts/poppins-pxibyp8kv8jhgfvrlcz7z11lfc-k.woff2]
[macmasterimaritime.com/wp-content/uploads/elementor/google-fonts/fonts/poppins-pxibyp8kv8jhgfvrlcz7z1jlfc-k.woff2]
[macmasterimaritime.com/wp-content/uploads/elementor/google-fonts/fonts/poppins-pxibyp8kv8jhgfvrlcz7z1xlfq.woff2]
[macmasterimaritime.com/wp-content/uploads/elementor/google-fonts/fonts/poppins-pxibyp8kv8jhgfvrldd4z11lfc-k.woff2]
[macmasterimaritime.com/wp-content/uploads/elementor/google-fonts/fonts/poppins-pxibyp8kv8jhgfvrldd4z1jlfc-k.woff2]
[macmasterimaritime.com/wp-content/uploads/elementor/google-fonts/fonts/poppins-pxibyp8kv8jhgfvrldd4z1xlfq.woff2]
[macmasterimaritime.com/wp-content/uploads/elementor/google-fonts/fonts/poppins-pxibyp8kv8jhgfvrlbt5z11lfc-k.woff2]
[macmasterimaritime.com/wp-content/uploads/elementor/google-fonts/fonts/poppins-pxibyp8kv8jhgfvrlbt5z1jlfc-k.woff2]
[macmasterimaritime.com/wp-content/uploads/elementor/google-fonts/fonts/poppins-pxibyp8kv8jhgfvrlbt5z1xlfq.woff2]
[macmasterimaritime.com/wp-content/uploads/elementor/google-fonts/css/poppinseba0.css]
[macmasterimaritime.com/wp-content/plugins/elementor-pro/assets/css/widget-flip-box.min7ddb.css]
[macmasterimaritime.com/wp-content/uploads/elementor/css/post-121600f87.css]
[macmasterimaritime.com/wp-content/uploads/elementor/google-fonts/css/manrope5690.css]
[macmasterimaritime.com/wp-json/wp/v2/pages/12160.json]
[macmasterimaritime.com/wp-json/oembed/1.0/embed1b34.json]
[macmasterimaritime.com/services/index.html]
[macmasterimaritime.com/wp-json/oembed/1.0/embed6471]
[macmasterimaritime.com/wp-content/plugins/elementor-pro/assets/css/widget-nested-carousel.min7ddb.css]
[macmasterimaritime.com/wp-content/uploads/elementor/css/post-4965e4.css]
[macmasterimaritime.com/wp-content/uploads/elementor/google-fonts/css/montserrat197a.css]
[macmasterimaritime.com/wp-json/wp/v2/pages/49.json]
[macmasterimaritime.com/wp-json/oembed/1.0/embed6675.json]
[macmasterimaritime.com/wp-json/oembed/1.0/embedbe8b]
[macmasterimaritime.com/wp-content/uploads/2025/07/Flag_of_Belize.svg_-1024x614.png]
[macmasterimaritime.com/wp-content/uploads/2025/07/Flag-Bolivia-1024x683.jpg]
[macmasterimaritime.com/belize-ship-registration/index.html]
[macmasterimaritime.com/wp-content/uploads/2025/07/Flag_of_the_Comoros.svg_-1024x614.png]
[macmasterimaritime.com/wp-content/uploads/2025/07/Flag_of_Dominica.svg_.png]
[macmasterimaritime.com/wp-content/uploads/2025/07/Flag-Honduras-1024x512.jpg]
[macmasterimaritime.com/wp-content/uploads/2025/07/Flag_of_Mongolia.svg_-1024x512.png]
[macmasterimaritime.com/wp-content/uploads/2025/07/Flag_of_Palau.svg_-1024x640.png]
[macmasterimaritime.com/wp-content/uploads/2025/07/Flag_of_Panama.svg_.png]
[macmasterimaritime.com/wp-content/uploads/2025/07/Flag_of_Sierra_Leone.svg_-1024x683.png]
[macmasterimaritime.com/wp-content/uploads/2025/07/Flag_of_Tanzania.svg_-1024x683.png]
[macmasterimaritime.com/wp-content/uploads/2025/07/Flag_of_Togo.svg_-1024x633.png]
[macmasterimaritime.com/services/ships-registration/index.html]
[macmasterimaritime.com/wp-content/plugins/elementor/assets/css/widget-image-carousel.min7ddb.css]
[macmasterimaritime.com/services/new-ship-registration/index.html]
[macmasterimaritime.com/wp-content/plugins/metform/public/assets/css/metform-ui8603.css]
[macmasterimaritime.com/services/ships-registration/change-of-owner/index.html]
[macmasterimaritime.com/wp-content/plugins/metform/public/assets/css/style8603.css]
[macmasterimaritime.com/services/ships-registration/deletion-certificate/index.html]
[macmasterimaritime.com/services/ships-registration/extension-of-registry-certificates/index.html]
[macmasterimaritime.com/services/ships-registration/minimum-safe-manning-certificate/index.html]
[macmasterimaritime.com/wp-content/uploads/elementor/css/post-128668a.css]
[macmasterimaritime.com/services/ships-registration/continuous-synopsis-record/index.html]
[macmasterimaritime.com/services/ships-registration/bunker-convention-certificate/index.html]
[macmasterimaritime.com/services/ships-registration/civil-liability-certificate-clc-69/index.html]
[macmasterimaritime.com/wp-json/wp/v2/pages/128.json]
[macmasterimaritime.com/services/ships-registration/deceleration-of-maritime-labour-convention-part-i/index.html]
[macmasterimaritime.com/wp-json/oembed/1.0/embed80a5.json]
[macmasterimaritime.com/wp-json/oembed/1.0/embedb0cb]
[macmasterimaritime.com/wp-content/uploads/2025/07/MONTSERRAT-150x150.png]
[macmasterimaritime.com/wp-content/uploads/2025/07/WhatsApp-Image-2025-07-20-at-18.10.32_6a089bc4-150x150.jpg]
[macmasterimaritime.com/wp-content/uploads/2025/07/Flag_of_Jamaica.svg_-150x150.png]
[macmasterimaritime.com/wp-content/uploads/2025/07/Flag_of_Saint_Vincent_and_the_Grenadines.svg_-150x150.png]
[macmasterimaritime.com/wp-content/uploads/2025/07/Flag_of_the_Cook_Islands.svg_-150x150.png]
[macmasterimaritime.com/wp-content/uploads/2025/07/Flag_of_Panama.svg_-150x150.png]
[macmasterimaritime.com/wp-content/uploads/2025/07/Flag_of_Palau.svg_-150x150.png]
[macmasterimaritime.com/wp-content/uploads/2025/07/Flag-Bolivia-150x150.jpg]
[macmasterimaritime.com/wp-content/uploads/2025/07/Flag_of_Belize.svg_-150x150.png]
[macmasterimaritime.com/wp-content/uploads/2025/07/Flag_of_the_Comoros.svg_-150x150.png]
[macmasterimaritime.com/wp-content/uploads/2025/07/Flag_of_Dominica.svg_-150x150.png]
[macmasterimaritime.com/wp-content/uploads/2025/07/Flag-Honduras-150x150.jpg]
[macmasterimaritime.com/wp-content/uploads/2025/07/Flag_of_Mongolia.svg_-150x150.png]
[macmasterimaritime.com/wp-content/uploads/2025/07/Flag_of_Sierra_Leone.svg_-150x150.png]
[macmasterimaritime.com/wp-content/uploads/2025/07/Flag_of_Tanzania.svg_-150x150.png]
[macmasterimaritime.com/wp-content/uploads/2025/07/Flag_of_Togo.svg_-150x150.png]
[macmasterimaritime.com/wp-content/plugins/metform/public/assets/js/htm8603.js]
[macmasterimaritime.com/wp-includes/js/dist/vendor/react.mine1ab.js]
[macmasterimaritime.com/services/seafarers-certifications/panama-coc/index.html]
[macmasterimaritime.com/wp-includes/js/dist/vendor/react-dom.mine1ab.js]
[macmasterimaritime.com/liberia-coc/index.html]
[macmasterimaritime.com/services/seafarers-certifications/montserrrat-yachtsmen-coc/index.html]
[macmasterimaritime.com/services/seafarers-certifications/cook-islnds-coc/index.html]
[macmasterimaritime.com/wp-includes/js/dist/escape-html.min3a9d.js]
[macmasterimaritime.com/services/seafarers-certifications/belize-seaman-books-for-ratings/index.html]
[macmasterimaritime.com/services/seafarers-certifications/panama-seaman-books-for-ratings/index.html]
[macmasterimaritime.com/wp-includes/js/dist/element.minfa0f.js]
[macmasterimaritime.com/services/seafarers-certifications/palau-seaman-books-for-ratings/index.html]
[macmasterimaritime.com/services/seafarers-certifications/index.html]
[macmasterimaritime.com/services/seafarers-certifications/stcw-courses-2/index.html]
[macmasterimaritime.com/services/seafarers-certifications/seafarers-endorsements/index.html]
[macmasterimaritime.com/services/seafarers-certifications/seafarers-education-experience-and-licenses/index.html]
[macmasterimaritime.com/wp-content/plugins/metform/public/assets/js/app8603.js]
[macmasterimaritime.com/wp-content/plugins/elementor/assets/lib/animations/styles/fadeInRight.min7ddb.css]
[macmasterimaritime.com/wp-content/uploads/elementor/css/post-1305df2.css]
[macmasterimaritime.com/wp-json/wp/v2/pages/130.json]
[macmasterimaritime.com/wp-json/oembed/1.0/embed11e2.json]
[macmasterimaritime.com/services/class-and-statutory/index.html]
[macmasterimaritime.com/wp-json/oembed/1.0/embedd305]
[macmasterimaritime.com/wp-content/uploads/elementor/css/post-136afbd.css]
[macmasterimaritime.com/services/class-and-statutory/class-hull-and-machinery-certification/index.html]
[macmasterimaritime.com/services/class-and-statutory/cargo-gears-and-lifting-appliances-certification/index.html]
[macmasterimaritime.com/services/class-and-statutory/solas-1974-certification/index.html]
[macmasterimaritime.com/services/class-and-statutory/non-solas-ships-certification/index.html]
[macmasterimaritime.com/wp-json/wp/v2/pages/136.json]
[macmasterimaritime.com/services/class-and-statutory/marpol-1978-certification/index.html]
[macmasterimaritime.com/services/class-and-statutory/tonnage-certification/index.html]
[macmasterimaritime.com/services/class-and-statutory/ism-certification/index.html]
[macmasterimaritime.com/services/class-and-statutory/international-load-line-certificate/index.html]
[macmasterimaritime.com/wp-json/oembed/1.0/embed9ecf.json]
[macmasterimaritime.com/services/class-and-statutory/international-antifouling-systems-certification/index.html]
[macmasterimaritime.com/services/class-and-statutory/international-energy-efficiency-certification/index.html]
[macmasterimaritime.com/wp-json/oembed/1.0/embed1899]
[macmasterimaritime.com/services/flag-state-inspections/index.html]
[macmasterimaritime.com/services/class-and-statutory/document-of-compliance-with-the-special-requirements-for-ships-carrying-dangerous-goods/index.html]
[macmasterimaritime.com/services/class-and-statutory/dangerous-goods-certification/index.html]
[macmasterimaritime.com/services/class-and-statutory/ballast-water-management-certification/index.html]
[macmasterimaritime.com/international-certificate-on-inventory-of-hazardous-material/index.html]
[macmasterimaritime.com/wp-content/uploads/elementor/css/post-263b986.css]
[macmasterimaritime.com/wp-json/wp/v2/pages/263.json]
[macmasterimaritime.com/wp-json/oembed/1.0/embed4453.json]
[macmasterimaritime.com/services/marine-surveys/index.html]
[macmasterimaritime.com/wp-json/oembed/1.0/embed6c59]
[macmasterimaritime.com/wp-content/uploads/elementor/css/post-2666984.css]
[macmasterimaritime.com/wp-json/wp/v2/pages/266.json]
[macmasterimaritime.com/wp-json/oembed/1.0/embed36b5.json]
[macmasterimaritime.com/services/consultancy/index.html]
[macmasterimaritime.com/wp-json/oembed/1.0/embed64c6]
[macmasterimaritime.com/wp-content/uploads/essential-addons-elementor/eael-127340a0e.css]
[macmasterimaritime.com/services/consultancy/ships-design-and-conversion/index.html]
[macmasterimaritime.com/wp-content/plugins/elementor/assets/lib/animations/styles/slideInUp.min7ddb.css]
[macmasterimaritime.com/wp-content/uploads/elementor/css/post-12734d571.css]
[macmasterimaritime.com/wp-json/wp/v2/pages/12734.json]
[macmasterimaritime.com/wp-json/oembed/1.0/embed8293.json]
[macmasterimaritime.com/wp-json/oembed/1.0/embedae45]
[macmasterimaritime.com/wp-content/uploads/2025/07/2191323-200.png]
[macmasterimaritime.com/wp-content/uploads/2025/07/5481993.png]
[macmasterimaritime.com/wp-content/uploads/2025/07/image-removebg-preview-4.png]
[macmasterimaritime.com/about-us/index.html]
[macmasterimaritime.com/wp-content/plugins/elementor/assets/css/widget-icon-box.min7ddb.css]
[macmasterimaritime.com/wp-content/uploads/elementor/css/post-121616c0e.css]
[macmasterimaritime.com/wp-json/wp/v2/pages/12161.json]
[macmasterimaritime.com/wp-json/oembed/1.0/embedd378.json]
[macmasterimaritime.com/contact-2/index.html]
[macmasterimaritime.com/cdn-cgi/l/email-protection.html]
[macmasterimaritime.com/wp-content/plugins/essential-blocks/assets/js/eb-blocks-localized363.js]
[macmasterimaritime.com/wp-json/oembed/1.0/embed65f3]
[macmasterimaritime.com/wp-content/plugins/elementor/assets/lib/font-awesome/webfonts/fa-brands-400.svg]
[macmasterimaritime.com/wp-content/plugins/elementor/assets/lib/font-awesome/webfonts/fa-regular-400.svg]
[macmasterimaritime.com/wp-content/plugins/elementor/assets/lib/font-awesome/webfonts/fa-solid-900.svg]
[macmasterimaritime.com/wp-content/plugins/elementor-pro/assets/css/widget-flip-box.min7ddb.css]
[macmasterimaritime.com/wp-content/uploads/2025/07/06b632d8-74d5-446d-914a-751b7cd06558.png]
[macmasterimaritime.com/wp-content/uploads/2025/07/box-ballast-water-management.jpg]
[macmasterimaritime.com/wp-content/uploads/2025/07/level-offshore-company.jpg]
[macmasterimaritime.com/wp-content/uploads/2025/07/1690573365162-e1753103008261.png]
[macmasterimaritime.com/wp-content/uploads/2025/07/17152415321601272891Banner_3.jpg]
[macmasterimaritime.com/wp-content/uploads/2025/07/United-Marine-Consultancy-bg-2-e1753103972280.jpg]
[macmasterimaritime.com/wp-content/uploads/elementor/css/post-121600f87.css]
[macmasterimaritime.com/wp-content/uploads/elementor/google-fonts/fonts/manrope-xn7gyhe41ni1adirggqxsuxd.woff2]
[macmasterimaritime.com/wp-content/uploads/elementor/google-fonts/fonts/manrope-xn7gyhe41ni1adirggoxsuxd.woff2]
[macmasterimaritime.com/wp-content/uploads/elementor/google-fonts/fonts/manrope-xn7gyhe41ni1adirggsxsuxd.woff2]
[macmasterimaritime.com/wp-content/uploads/elementor/google-fonts/fonts/manrope-xn7gyhe41ni1adirggixsuxd.woff2]
[macmasterimaritime.com/wp-content/uploads/elementor/google-fonts/fonts/manrope-xn7gyhe41ni1adirggmxsuxd.woff2]
[macmasterimaritime.com/wp-content/uploads/elementor/google-fonts/fonts/manrope-xn7gyhe41ni1adirggexsg.woff2]
[macmasterimaritime.com/wp-content/uploads/elementor/google-fonts/css/manrope5690.css]
[macmasterimaritime.com/index86bb.html]
[macmasterimaritime.com/wp-content/plugins/elementor-pro/assets/css/widget-nested-carousel.min7ddb.css]
[macmasterimaritime.com/wp-content/uploads/elementor/css/post-4965e4.css]
[macmasterimaritime.com/wp-content/uploads/elementor/google-fonts/fonts/montserrat-jtuqjig1_i6t8kchkm459wxrxc7mw9c.woff2]
[macmasterimaritime.com/wp-content/uploads/elementor/google-fonts/fonts/montserrat-jtuqjig1_i6t8kchkm459wxrzs7mw9c.woff2]
[macmasterimaritime.com/wp-content/uploads/elementor/google-fonts/fonts/montserrat-jtuqjig1_i6t8kchkm459wxrxi7mw9c.woff2]
[macmasterimaritime.com/wp-content/uploads/elementor/google-fonts/fonts/montserrat-jtuqjig1_i6t8kchkm459wxrxy7mw9c.woff2]
[macmasterimaritime.com/wp-content/uploads/elementor/google-fonts/fonts/montserrat-jtuqjig1_i6t8kchkm459wxrys7m.woff2]
[macmasterimaritime.com/wp-content/uploads/elementor/google-fonts/fonts/montserrat-jtusjig1_i6t8kchkm459wrhyzbi.woff2]
[macmasterimaritime.com/wp-content/uploads/elementor/google-fonts/fonts/montserrat-jtusjig1_i6t8kchkm459w1hyzbi.woff2]
[macmasterimaritime.com/wp-content/uploads/elementor/google-fonts/fonts/montserrat-jtusjig1_i6t8kchkm459wzhyzbi.woff2]
[macmasterimaritime.com/wp-content/uploads/elementor/google-fonts/fonts/montserrat-jtusjig1_i6t8kchkm459wdhyzbi.woff2]
[macmasterimaritime.com/wp-content/uploads/elementor/google-fonts/fonts/montserrat-jtusjig1_i6t8kchkm459wlhyw.woff2]
[macmasterimaritime.com/wp-content/uploads/elementor/google-fonts/css/montserrat197a.css]
[macmasterimaritime.com/index0012.html]
[macmasterimaritime.com/wp-content/plugins/elementor/assets/css/widget-accordion.min7ddb.css]
[macmasterimaritime.com/wp-content/uploads/elementor/css/post-121657df2.css]
[macmasterimaritime.com/wp-json/wp/v2/pages/12165.json]
[macmasterimaritime.com/wp-json/oembed/1.0/embed5252.json]
[macmasterimaritime.com/belize-ship-registration/index.html]
[macmasterimaritime.com/wp-json/oembed/1.0/embed0810]
[macmasterimaritime.com/wp-content/uploads/elementor/css/post-29980d83.css]
[macmasterimaritime.com/wp-json/wp/v2/pages/2998.json]
[macmasterimaritime.com/wp-json/oembed/1.0/embed248d.json]
[macmasterimaritime.com/services/new-ship-registration/index.html]
[macmasterimaritime.com/wp-json/oembed/1.0/embedc57b]
[macmasterimaritime.com/wp-content/uploads/elementor/css/post-304134f4.css]
[macmasterimaritime.com/wp-json/wp/v2/pages/3041.json]
[macmasterimaritime.com/wp-json/oembed/1.0/embed86c0.json]
[macmasterimaritime.com/services/ships-registration/change-of-owner/index.html]
[macmasterimaritime.com/wp-json/oembed/1.0/embed7140]
[macmasterimaritime.com/wp-content/uploads/elementor/css/post-307249df.css]
[macmasterimaritime.com/wp-json/wp/v2/pages/3072.json]
[macmasterimaritime.com/wp-json/oembed/1.0/embed86fb.json]
[macmasterimaritime.com/services/ships-registration/extension-of-registry-certificates/index.html]
[macmasterimaritime.com/wp-json/oembed/1.0/embed336b]
[macmasterimaritime.com/wp-content/uploads/elementor/css/post-3099d92a.css]
[macmasterimaritime.com/wp-json/wp/v2/pages/3099.json]
[macmasterimaritime.com/wp-json/oembed/1.0/embed42d1.json]
[macmasterimaritime.com/services/ships-registration/deletion-certificate/index.html]
[macmasterimaritime.com/wp-json/oembed/1.0/embedb33b]
[macmasterimaritime.com/wp-content/uploads/elementor/css/post-308111fb.css]
[macmasterimaritime.com/wp-json/wp/v2/pages/3081.json]
[macmasterimaritime.com/wp-json/oembed/1.0/embed036b.json]
[macmasterimaritime.com/services/ships-registration/minimum-safe-manning-certificate/index.html]
[macmasterimaritime.com/wp-json/oembed/1.0/embed96bb]
[macmasterimaritime.com/wp-content/uploads/elementor/css/post-30848dec.css]
[macmasterimaritime.com/wp-json/wp/v2/pages/3084.json]
[macmasterimaritime.com/wp-json/oembed/1.0/embed19f8.json]
[macmasterimaritime.com/services/ships-registration/continuous-synopsis-record/index.html]
[macmasterimaritime.com/wp-json/oembed/1.0/embeddc31]
[macmasterimaritime.com/wp-content/uploads/elementor/css/post-30901a71.css]
[macmasterimaritime.com/wp-json/wp/v2/pages/3090.json]
[macmasterimaritime.com/wp-json/oembed/1.0/embede474.json]
[macmasterimaritime.com/services/ships-registration/bunker-convention-certificate/index.html]
[macmasterimaritime.com/wp-json/oembed/1.0/embeda0e7]
[macmasterimaritime.com/wp-content/uploads/elementor/css/post-309667b8.css]
[macmasterimaritime.com/wp-json/wp/v2/pages/3096.json]
[macmasterimaritime.com/wp-json/oembed/1.0/embed0698.json]
[macmasterimaritime.com/services/ships-registration/civil-liability-certificate-clc-69/index.html]
[macmasterimaritime.com/wp-json/oembed/1.0/embed553a]
[macmasterimaritime.com/wp-content/uploads/elementor/css/post-3087d3c8.css]
[macmasterimaritime.com/wp-json/wp/v2/pages/3087.json]
[macmasterimaritime.com/wp-json/oembed/1.0/embeda724.json]
[macmasterimaritime.com/services/ships-registration/deceleration-of-maritime-labour-convention-part-i/index.html]
[macmasterimaritime.com/wp-content/plugins/elementor/assets/css/widget-image-carousel.min7ddb.css]
[macmasterimaritime.com/wp-content/plugins/metform/public/assets/css/metform-ui8603.css]
[macmasterimaritime.com/wp-content/plugins/metform/public/assets/css/style8603.css]
[macmasterimaritime.com/wp-content/uploads/elementor/css/post-128668a.css]
[macmasterimaritime.com/index913e.html]
[macmasterimaritime.com/wp-json/oembed/1.0/embed999e]
[macmasterimaritime.com/wp-content/uploads/elementor/css/post-64570fc6.css]
[macmasterimaritime.com/wp-json/wp/v2/pages/6457.json]
[macmasterimaritime.com/wp-json/oembed/1.0/embed10f2.json]
[macmasterimaritime.com/services/seafarers-certifications/panama-coc/index.html]
[macmasterimaritime.com/wp-json/oembed/1.0/embeddb7e]
[macmasterimaritime.com/wp-content/uploads/elementor/css/post-13718a565.css]
[macmasterimaritime.com/wp-json/wp/v2/pages/13718.json]
[macmasterimaritime.com/wp-json/oembed/1.0/embedee16.json]
[macmasterimaritime.com/liberia-coc/index.html]
[macmasterimaritime.com/wp-json/oembed/1.0/embed9216]
[macmasterimaritime.com/wp-content/uploads/elementor/css/post-11978cea6.css]
[macmasterimaritime.com/wp-json/wp/v2/pages/11978.json]
[macmasterimaritime.com/wp-json/oembed/1.0/embed7f42.json]
[macmasterimaritime.com/services/seafarers-certifications/cook-islnds-coc/index.html]
[macmasterimaritime.com/wp-json/oembed/1.0/embeda428]
[macmasterimaritime.com/wp-content/uploads/elementor/css/post-107260a0c.css]
[macmasterimaritime.com/wp-json/wp/v2/pages/10726.json]
[macmasterimaritime.com/wp-json/oembed/1.0/embedf77b.json]
[macmasterimaritime.com/services/seafarers-certifications/montserrrat-yachtsmen-coc/index.html]
[macmasterimaritime.com/wp-json/oembed/1.0/embed4465]
[macmasterimaritime.com/wp-content/uploads/elementor/css/post-10747475f.css]
[macmasterimaritime.com/wp-json/wp/v2/pages/10747.json]
[macmasterimaritime.com/wp-json/oembed/1.0/embed4a22.json]
[macmasterimaritime.com/services/seafarers-certifications/panama-seaman-books-for-ratings/index.html]
[macmasterimaritime.com/wp-json/oembed/1.0/embed02d4]
[macmasterimaritime.com/wp-content/uploads/elementor/css/post-10743d080.css]
[macmasterimaritime.com/wp-json/wp/v2/pages/10743.json]
[macmasterimaritime.com/wp-json/oembed/1.0/embed5ee0.json]
[macmasterimaritime.com/services/seafarers-certifications/belize-seaman-books-for-ratings/index.html]
[macmasterimaritime.com/wp-json/oembed/1.0/embed7602]
[macmasterimaritime.com/wp-content/uploads/elementor/css/post-107414064.css]
[macmasterimaritime.com/wp-json/wp/v2/pages/10741.json]
[macmasterimaritime.com/wp-json/oembed/1.0/embedcf10.json]
[macmasterimaritime.com/services/seafarers-certifications/palau-seaman-books-for-ratings/index.html]
[macmasterimaritime.com/wp-json/oembed/1.0/embedece1]
[macmasterimaritime.com/wp-content/uploads/elementor/css/post-3359918f.css]
[macmasterimaritime.com/wp-json/wp/v2/pages/3359.json]
[macmasterimaritime.com/wp-json/oembed/1.0/embed5435.json]
[macmasterimaritime.com/services/seafarers-certifications/stcw-courses-2/index.html]
[macmasterimaritime.com/wp-json/oembed/1.0/embeda8af]
[macmasterimaritime.com/wp-content/uploads/elementor/css/post-3363c4da.css]
[macmasterimaritime.com/wp-json/wp/v2/pages/3363.json]
[macmasterimaritime.com/wp-json/oembed/1.0/embedea93.json]
[macmasterimaritime.com/services/seafarers-certifications/seafarers-endorsements/index.html]
[macmasterimaritime.com/wp-json/oembed/1.0/embedec8a]
[macmasterimaritime.com/wp-content/uploads/elementor/css/post-33614fe6.css]
[macmasterimaritime.com/wp-json/wp/v2/pages/3361.json]
[macmasterimaritime.com/wp-json/oembed/1.0/embed95b8.json]
[macmasterimaritime.com/services/seafarers-certifications/seafarers-education-experience-and-licenses/index.html]
[macmasterimaritime.com/wp-content/plugins/elementor/assets/lib/animations/styles/fadeInRight.min7ddb.css]
[macmasterimaritime.com/wp-content/uploads/elementor/css/post-1305df2.css]
[macmasterimaritime.com/index8b4e.html]
[macmasterimaritime.com/wp-json/oembed/1.0/embedc0b2]
[macmasterimaritime.com/wp-content/uploads/elementor/css/post-2219518f.css]
[macmasterimaritime.com/wp-json/wp/v2/pages/2219.json]
[macmasterimaritime.com/wp-json/oembed/1.0/embedd8f5.json]
[macmasterimaritime.com/services/class-and-statutory/class-hull-and-machinery-certification/index.html]
[macmasterimaritime.com/wp-json/oembed/1.0/embed669b]
[macmasterimaritime.com/wp-content/uploads/elementor/css/post-2221c70f.css]
[macmasterimaritime.com/wp-json/wp/v2/pages/2221.json]
[macmasterimaritime.com/wp-json/oembed/1.0/embed29ae.json]
[macmasterimaritime.com/services/class-and-statutory/cargo-gears-and-lifting-appliances-certification/index.html]
[macmasterimaritime.com/wp-json/oembed/1.0/embed34b6]
[macmasterimaritime.com/wp-content/uploads/elementor/css/post-2226b5e5.css]
[macmasterimaritime.com/wp-json/wp/v2/pages/2226.json]
[macmasterimaritime.com/wp-json/oembed/1.0/embed57b2.json]
[macmasterimaritime.com/services/class-and-statutory/solas-1974-certification/index.html]
[macmasterimaritime.com/wp-json/oembed/1.0/embed73d3]
[macmasterimaritime.com/wp-content/uploads/elementor/css/post-22309396.css]
[macmasterimaritime.com/wp-json/wp/v2/pages/2230.json]
[macmasterimaritime.com/wp-json/oembed/1.0/embedee88.json]
[macmasterimaritime.com/services/class-and-statutory/non-solas-ships-certification/index.html]
[macmasterimaritime.com/wp-json/oembed/1.0/embed3904]
[macmasterimaritime.com/wp-content/uploads/elementor/css/post-22321fb1.css]
[macmasterimaritime.com/wp-json/wp/v2/pages/2232.json]
[macmasterimaritime.com/wp-json/oembed/1.0/embed0017.json]
[macmasterimaritime.com/services/class-and-statutory/marpol-1978-certification/index.html]
[macmasterimaritime.com/wp-json/oembed/1.0/embedbdd5]
[macmasterimaritime.com/wp-content/uploads/elementor/css/post-2234ac56.css]
[macmasterimaritime.com/wp-json/wp/v2/pages/2234.json]
[macmasterimaritime.com/wp-json/oembed/1.0/embedc9e5.json]
[macmasterimaritime.com/services/class-and-statutory/ism-certification/index.html]
[macmasterimaritime.com/wp-json/oembed/1.0/embed8b0e]
[macmasterimaritime.com/wp-content/uploads/elementor/css/post-22236257.css]
[macmasterimaritime.com/wp-json/wp/v2/pages/2223.json]
[macmasterimaritime.com/wp-json/oembed/1.0/embed1b40.json]
[macmasterimaritime.com/services/class-and-statutory/tonnage-certification/index.html]
[macmasterimaritime.com/wp-json/oembed/1.0/embed9f7b]
[macmasterimaritime.com/wp-content/uploads/elementor/css/post-2225a758.css]
[macmasterimaritime.com/wp-json/wp/v2/pages/2225.json]
[macmasterimaritime.com/wp-json/oembed/1.0/embedd25f.json]
[macmasterimaritime.com/services/class-and-statutory/international-load-line-certificate/index.html]
[macmasterimaritime.com/wp-json/oembed/1.0/embeda305]
[macmasterimaritime.com/wp-content/uploads/elementor/css/post-224078c2.css]
[macmasterimaritime.com/wp-json/wp/v2/pages/2240.json]
[macmasterimaritime.com/wp-json/oembed/1.0/embedf9fa.json]
[macmasterimaritime.com/services/class-and-statutory/international-energy-efficiency-certification/index.html]
[macmasterimaritime.com/wp-json/oembed/1.0/embed0381]
[macmasterimaritime.com/wp-content/uploads/elementor/css/post-223852e2.css]
[macmasterimaritime.com/wp-json/wp/v2/pages/2238.json]
[macmasterimaritime.com/wp-json/oembed/1.0/embed0a8e.json]
[macmasterimaritime.com/services/class-and-statutory/international-antifouling-systems-certification/index.html]
[macmasterimaritime.com/wp-json/oembed/1.0/embedb8f2]
[macmasterimaritime.com/wp-content/uploads/elementor/css/post-28580e80.css]
[macmasterimaritime.com/wp-json/wp/v2/pages/2858.json]
[macmasterimaritime.com/wp-json/oembed/1.0/embed2f2f.json]
[macmasterimaritime.com/services/class-and-statutory/document-of-compliance-with-the-special-requirements-for-ships-carrying-dangerous-goods/index.html]
[macmasterimaritime.com/wp-json/oembed/1.0/embedbeb6]
[macmasterimaritime.com/wp-content/uploads/elementor/css/post-22468c2b.css]
[macmasterimaritime.com/wp-json/wp/v2/pages/2246.json]
[macmasterimaritime.com/wp-json/oembed/1.0/embed6bf1.json]
[macmasterimaritime.com/services/class-and-statutory/ballast-water-management-certification/index.html]
[macmasterimaritime.com/wp-json/oembed/1.0/embed3472]
[macmasterimaritime.com/wp-content/uploads/elementor/css/post-22447343.css]
[macmasterimaritime.com/wp-json/wp/v2/pages/2244.json]
[macmasterimaritime.com/wp-json/oembed/1.0/embed9fb9.json]
[macmasterimaritime.com/services/class-and-statutory/dangerous-goods-certification/index.html]
[macmasterimaritime.com/wp-json/oembed/1.0/embed0180]
[macmasterimaritime.com/wp-content/uploads/elementor/css/post-6720040e.css]
[macmasterimaritime.com/wp-json/wp/v2/pages/6720.json]
[macmasterimaritime.com/wp-json/oembed/1.0/embed4649.json]
[macmasterimaritime.com/international-certificate-on-inventory-of-hazardous-material/index.html]
[macmasterimaritime.com/wp-content/uploads/elementor/css/post-136afbd.css]
[macmasterimaritime.com/index9469.html]
[macmasterimaritime.com/wp-content/uploads/elementor/css/post-263b986.css]
[macmasterimaritime.com/index8fee.html]
[macmasterimaritime.com/wp-content/uploads/elementor/css/post-2666984.css]
[macmasterimaritime.com/index6543.html]
[macmasterimaritime.com/wp-json/oembed/1.0/embed1de7]
[macmasterimaritime.com/wp-content/uploads/elementor/css/post-14642ac.css]
[macmasterimaritime.com/inventory-of-hazardous-material/index.html]
[macmasterimaritime.com/the-international-certificate-on-inventory-of-hazardous-materials/index.html]
[macmasterimaritime.com/wp-json/wp/v2/pages/146.json]
[macmasterimaritime.com/wp-json/oembed/1.0/embed8a4a.json]
[macmasterimaritime.com/services/consultancy/ships-design-and-conversion/index.html]
[macmasterimaritime.com/wp-content/uploads/essential-addons-elementor/eael-127340a0e.css]
[macmasterimaritime.com/wp-content/plugins/elementor/assets/lib/animations/styles/slideInUp.min7ddb.css]
[macmasterimaritime.com/wp-content/uploads/elementor/css/post-12734d571.css]
[macmasterimaritime.com/indexe231.html]
[macmasterimaritime.com/wp-content/uploads/essential-addons-elementor/eael-127340a0e.js]
[macmasterimaritime.com/wp-content/plugins/elementor/assets/css/widget-icon-box.min7ddb.css]
[macmasterimaritime.com/wp-content/uploads/elementor/css/post-121616c0e.css]
[macmasterimaritime.com/index7b71.html]
[macmasterimaritime.com/wp-content/plugins/elementor/assets/css/widget-accordion.min7ddb.css]
[macmasterimaritime.com/wp-content/uploads/elementor/css/post-121657df2.css]
[macmasterimaritime.com/index1eab.html]
[macmasterimaritime.com/wp-content/uploads/elementor/css/post-29980d83.css]
[macmasterimaritime.com/index233f.html]
[macmasterimaritime.com/wp-content/uploads/elementor/css/post-304134f4.css]
[macmasterimaritime.com/indexc9de.html]
[macmasterimaritime.com/wp-content/uploads/elementor/css/post-307249df.css]
[macmasterimaritime.com/index43b2.html]
[macmasterimaritime.com/wp-content/uploads/elementor/css/post-3099d92a.css]
[macmasterimaritime.com/index09f3.html]
[macmasterimaritime.com/wp-content/uploads/elementor/css/post-308111fb.css]
[macmasterimaritime.com/index4c33.html]
[macmasterimaritime.com/wp-content/uploads/elementor/css/post-30848dec.css]
[macmasterimaritime.com/indexcb51.html]
[macmasterimaritime.com/wp-content/uploads/elementor/css/post-30901a71.css]
[macmasterimaritime.com/index9c22.html]
[macmasterimaritime.com/wp-content/uploads/elementor/css/post-309667b8.css]
[macmasterimaritime.com/indexdae0.html]
[macmasterimaritime.com/wp-content/uploads/elementor/css/post-3087d3c8.css]
[macmasterimaritime.com/indexb77e.html]
[macmasterimaritime.com/wp-content/uploads/elementor/css/post-64570fc6.css]
[macmasterimaritime.com/index980f.html]
[macmasterimaritime.com/wp-content/uploads/elementor/css/post-13718a565.css]
[macmasterimaritime.com/index6452.html]
[macmasterimaritime.com/wp-content/uploads/elementor/css/post-11978cea6.css]
[macmasterimaritime.com/indexd0c2.html]
[macmasterimaritime.com/wp-content/uploads/elementor/css/post-107260a0c.css]
[macmasterimaritime.com/indexfce5.html]
[macmasterimaritime.com/wp-content/uploads/elementor/css/post-10747475f.css]
[macmasterimaritime.com/indexcdbe.html]
[macmasterimaritime.com/wp-content/uploads/elementor/css/post-10743d080.css]
[macmasterimaritime.com/index14e2.html]
[macmasterimaritime.com/wp-content/uploads/elementor/css/post-107414064.css]
[macmasterimaritime.com/index56ae.html]
[macmasterimaritime.com/wp-content/uploads/elementor/css/post-3359918f.css]
[macmasterimaritime.com/indexef8d.html]
[macmasterimaritime.com/wp-content/uploads/elementor/css/post-3363c4da.css]
[macmasterimaritime.com/index628e.html]
[macmasterimaritime.com/wp-content/uploads/elementor/css/post-33614fe6.css]
[macmasterimaritime.com/indexcc8b.html]
[macmasterimaritime.com/wp-content/uploads/elementor/css/post-2219518f.css]
[macmasterimaritime.com/index6617.html]
[macmasterimaritime.com/wp-content/uploads/elementor/css/post-2221c70f.css]
[macmasterimaritime.com/index4775.html]
[macmasterimaritime.com/wp-content/uploads/elementor/css/post-2226b5e5.css]
[macmasterimaritime.com/indexa4e2.html]
[macmasterimaritime.com/wp-content/uploads/elementor/css/post-22309396.css]
[macmasterimaritime.com/index75dc.html]
[macmasterimaritime.com/wp-content/uploads/elementor/css/post-22321fb1.css]
[macmasterimaritime.com/index480b.html]
[macmasterimaritime.com/wp-content/uploads/elementor/css/post-2234ac56.css]
[macmasterimaritime.com/indexa93b.html]
[macmasterimaritime.com/wp-content/uploads/elementor/css/post-22236257.css]
[macmasterimaritime.com/index3c3f.html]
[macmasterimaritime.com/wp-content/uploads/elementor/css/post-2225a758.css]
[macmasterimaritime.com/indexf11b.html]
[macmasterimaritime.com/wp-content/uploads/elementor/css/post-224078c2.css]
[macmasterimaritime.com/index52de.html]
[macmasterimaritime.com/wp-content/uploads/elementor/css/post-223852e2.css]
[macmasterimaritime.com/indexb4b8.html]
[macmasterimaritime.com/wp-content/uploads/elementor/css/post-28580e80.css]
[macmasterimaritime.com/index7b6d.html]
[macmasterimaritime.com/wp-content/uploads/elementor/css/post-22468c2b.css]
[macmasterimaritime.com/index5210.html]
[macmasterimaritime.com/wp-content/uploads/elementor/css/post-22447343.css]
[macmasterimaritime.com/index4c6d.html]
[macmasterimaritime.com/wp-content/uploads/elementor/css/post-6720040e.css]
[macmasterimaritime.com/index4186.html]
[macmasterimaritime.com/wp-json/oembed/1.0/embedc08a]
[macmasterimaritime.com/wp-content/uploads/elementor/css/post-6729fe39.css]
[macmasterimaritime.com/wp-json/wp/v2/pages/6729.json]
[macmasterimaritime.com/wp-json/oembed/1.0/embed335d.json]
[macmasterimaritime.com/the-international-certificate-on-inventory-of-hazardous-materials/index.html]
[macmasterimaritime.com/wp-json/oembed/1.0/embedc9d3]
[macmasterimaritime.com/wp-content/uploads/elementor/css/post-67313f1b.css]
[macmasterimaritime.com/wp-json/wp/v2/pages/6731.json]
[macmasterimaritime.com/wp-json/oembed/1.0/embedb119.json]
[macmasterimaritime.com/inventory-of-hazardous-material/index.html]
[macmasterimaritime.com/wp-content/uploads/elementor/css/post-14642ac.css]
[macmasterimaritime.com/indexf488.html]
[www.google.com/recaptcha/api9513.js]
[macmasterimaritime.com/wp-content/uploads/elementor/css/post-6729fe39.css]
[macmasterimaritime.com/index38b3.html]
[macmasterimaritime.com/wp-content/uploads/elementor/css/post-67313f1b.css]
[macmasterimaritime.com/index157d.html]
[macmasterimaritime.com/wp-json/oembed/1.0/embed80f2]
